[demo.dethemes.com/Kifaru rugbyugby/index.html]
[backblue.gif]
[fade.gif]
[index.html]
[demo.dethemes.com/Kifaru rugbyugby/images/favicon.jpg]
[demo.dethemes.com/Kifaru rugbyugby/index.html]
[demo.dethemes.com/Kifaru rugbyugby/about.html]
[demo.dethemes.com/Kifaru rugbyugby/portfolio.html]
[demo.dethemes.com/Kifaru rugbyugby/client.html]
[demo.dethemes.com/Kifaru rugbyugby/contact.html]
[demo.dethemes.com/Kifaru rugbyugby/images/designer-1.jpg]
[demo.dethemes.com/Kifaru rugbyugby/images/designer-2.jpg]
[demo.dethemes.com/Kifaru rugbyugby/images/designer-3.jpg]
[demo.dethemes.com/Kifaru rugbyugby/images/designer-4.jpg]
[demo.dethemes.com/Kifaru rugbyugby/images/designer-5.jpg]
[demo.dethemes.com/Kifaru rugbyugby/images/designer-6.jpg]
[demo.dethemes.com/Kifaru rugbyugby/images/designer-7.jpg]
[demo.dethemes.com/Kifaru rugbyugby/images/designer-8.jpg]
[demo.dethemes.com/Kifaru rugbyugby/images/designer-9.jpg]
[demo.dethemes.com/Kifaru rugbyugby/js/jquery-3.2.1.min.js]
[demo.dethemes.com/Kifaru rugbyugby/js/pace/pace.min.js]
[demo.dethemes.com/Kifaru rugbyugby/js/bootstrap/bootstrap.min.js]
[demo.dethemes.com/Kifaru rugbyugby/js/devicejs/device.min.js]
[demo.dethemes.com/Kifaru rugbyugby/js/script.js]
[demo.dethemes.com/Kifaru rugbyugby/index.html]
[demo.dethemes.com/Kifaru rugbyugby/css/fonts/glyphicons-halflings-regular.eot]
[demo.dethemes.com/Kifaru rugbyugby/css/fonts/glyphicons-halflings-regulard41d.eot]
[demo.dethemes.com/Kifaru rugbyugby/css/fonts/glyphicons-halflings-regular.woff2]
[demo.dethemes.com/Kifaru rugbyugby/css/fonts/glyphicons-halflings-regular.woff]
[demo.dethemes.com/Kifaru rugbyugby/css/fonts/glyphicons-halflings-regular.ttf]
[demo.dethemes.com/Kifaru rugbyugby/css/bootstrap/bootstrap.min.css]
[demo.dethemes.com/Kifaru rugbyugby/css/pace/preloader.css]
[demo.dethemes.com/Kifaru rugbyugby/css/animate/animate.css]
[demo.dethemes.com/Kifaru rugbyugby/css/fonts/font-awesome-4.7.0/fonts/fontawesome-webfont3e6e.eot]
[demo.dethemes.com/Kifaru rugbyugby/css/fonts/font-awesome-4.7.0/fonts/fontawesome-webfontd41d.eot]
[demo.dethemes.com/Kifaru rugbyugby/css/fonts/font-awesome-4.7.0/fonts/fontawesome-webfont3e6e.woff2]
[demo.dethemes.com/Kifaru rugbyugby/css/fonts/font-awesome-4.7.0/fonts/fontawesome-webfont3e6e.woff]
[demo.dethemes.com/Kifaru rugbyugby/css/fonts/font-awesome-4.7.0/fonts/fontawesome-webfont3e6e.ttf]
[demo.dethemes.com/Kifaru rugbyugby/css/fonts/font-awesome-4.7.0/css/font-awesome.min.css]
[demo.dethemes.com/Kifaru rugbyugby/css/style.css]
[demo.dethemes.com/Kifaru rugbyugby/index.html]
[demo.dethemes.com/Kifaru rugbyugby/images/about-1.jpg]
[demo.dethemes.com/Kifaru rugbyugby/images/about-2.jpg]
[demo.dethemes.com/Kifaru rugbyugby/images/about-3.jpg]
[demo.dethemes.com/Kifaru rugbyugby/images/about-4.jpg]
[demo.dethemes.com/Kifaru rugbyugby/about.html]
[demo.dethemes.com/Kifaru rugbyugby/project.html]
[demo.dethemes.com/Kifaru rugbyugby/images/portfolio-1.jpg]
[demo.dethemes.com/Kifaru rugbyugby/images/portfolio-2.jpg]
[demo.dethemes.com/Kifaru rugbyugby/images/portfolio-3.jpg]
[demo.dethemes.com/Kifaru rugbyugby/images/portfolio-4.jpg]
[demo.dethemes.com/Kifaru rugbyugby/images/portfolio-5.jpg]
[demo.dethemes.com/Kifaru rugbyugby/images/portfolio-6.jpg]
[demo.dethemes.com/Kifaru rugbyugby/images/portfolio-7.jpg]
[demo.dethemes.com/Kifaru rugbyugby/images/portfolio-8.jpg]
[demo.dethemes.com/Kifaru rugbyugby/images/portfolio-9.jpg]
[demo.dethemes.com/Kifaru rugbyugby/images/portfolio-10.jpg]
[demo.dethemes.com/Kifaru rugbyugby/images/portfolio-11.jpg]
[demo.dethemes.com/Kifaru rugbyugby/images/portfolio-12.jpg]
[demo.dethemes.com/Kifaru rugbyugby/portfolio.html]
[demo.dethemes.com/Kifaru rugbyugby/images/client-1.png]
[demo.dethemes.com/Kifaru rugbyugby/images/client-2.png]
[demo.dethemes.com/Kifaru rugbyugby/images/client-3.png]
[demo.dethemes.com/Kifaru rugbyugby/images/client-4.png]
[demo.dethemes.com/Kifaru rugbyugby/images/client-5.png]
[demo.dethemes.com/Kifaru rugbyugby/images/client-6.png]
[demo.dethemes.com/Kifaru rugbyugby/images/client-7.png]
[demo.dethemes.com/Kifaru rugbyugby/images/client-8.png]
[demo.dethemes.com/Kifaru rugbyugby/images/client-9.png]
[demo.dethemes.com/Kifaru rugbyugby/images/client-10.png]
[demo.dethemes.com/Kifaru rugbyugby/images/client-11.png]
[demo.dethemes.com/Kifaru rugbyugby/images/client-12.png]
[demo.dethemes.com/Kifaru rugbyugby/js/owlcarousel/owl.carousel.min.js]
[demo.dethemes.com/Kifaru rugbyugby/client.html]
[demo.dethemes.com/Kifaru rugbyugby/contact.html]
[demo.dethemes.com/Kifaru rugbyugby/css/fonts/glyphicons-halflings-regular.svg]
[demo.dethemes.com/Kifaru rugbyugby/css/fonts/font-awesome-4.7.0/fonts/fontawesome-webfont3e6e.svg]
[demo.dethemes.com/Kifaru rugbyugby/images/project-1.jpg]
[demo.dethemes.com/Kifaru rugbyugby/images/project-2.jpg]
[demo.dethemes.com/Kifaru rugbyugby/images/project-3.jpg]
[demo.dethemes.com/Kifaru rugbyugby/images/project-4.jpg]
[demo.dethemes.com/Kifaru rugbyugby/project.html]
[demo.dethemes.com/Kifaru rugbyugby/css/owlcarousel/grabbing.png]
[demo.dethemes.com/Kifaru rugbyugby/css/owlcarousel/owl.carousel.css]
[demo.dethemes.com/Kifaru rugbyugby/css/owlcarousel/AjaxLoader.gif]
[demo.dethemes.com/Kifaru rugbyugby/css/owlcarousel/owl.theme.css]
